Wed 30 Sep 2026 15:18:36 INFO  
General Hyper Parameters:
gpu_id = 0
use_gpu = False
seed = 2022
state = INFO
reproducibility = True
data_path = C:\workspace\PROJECTS\next-best-product-recommendation\data\interim\recbole\expedia
checkpoint_dir = C:\workspace\PROJECTS\next-best-product-recommendation\data\interim\recbole\saved_dynamic_cap
show_progress = False
save_dataset = False
save_dataloaders = False

Training Hyper Parameters:
epochs = 3
train_batch_size = 1024
learner = adam
learning_rate = 0.001
neg_sampling = None
eval_step = 1
stopping_step = 10
clip_grad_norm = None
weight_decay = 0.0
loss_decimal_place = 4

Evaluation Hyper Parameters:
eval_args = {'split': {'RS': [0.8, 0.1, 0.1]}, 'order': 'TO', 'group_by': None, 'mode': 'full'}
repeatable = True
metrics = ['Recall', 'NDCG', 'MRR', 'Hit']
topk = [5, 10, 20]
valid_metric = NDCG@10
valid_metric_bigger = True
eval_batch_size = 4096
metric_decimal_place = 4

Dataset Hyper Parameters:
field_separator = 	
seq_separator =  
USER_ID_FIELD = user_id
ITEM_ID_FIELD = item_id
RATING_FIELD = rating
TIME_FIELD = timestamp
seq_len = None
LABEL_FIELD = label
threshold = None
NEG_PREFIX = neg_
load_col = {'inter': ['user_id', 'item_id', 'timestamp']}
unload_col = None
unused_col = None
additional_feat_suffix = None
rm_dup_inter = None
val_interval = None
filter_inter_by_user_or_item = True
user_inter_num_interval = [0,inf)
item_inter_num_interval = [0,inf)
alias_of_user_id = None
alias_of_item_id = None
alias_of_entity_id = None
alias_of_relation_id = None
preload_weight = None
normalize_field = None
normalize_all = None
ITEM_LIST_LENGTH_FIELD = item_length
LIST_SUFFIX = _list
MAX_ITEM_LIST_LENGTH = 20
POSITION_FIELD = position_id
HEAD_ENTITY_ID_FIELD = head_id
TAIL_ENTITY_ID_FIELD = tail_id
RELATION_ID_FIELD = relation_id
ENTITY_ID_FIELD = entity_id
benchmark_filename = None

Other Hyper Parameters: 
n_layers = 2
hidden_size = 64
hidden_dropout_prob = 0.0
hidden_act = gelu
layer_norm_eps = 1e-12
initializer_range = 0.02
selected_features = []
pooling_mode = mean
loss_type = CE
MODEL_TYPE = ModelType.SEQUENTIAL
n_heads = 1
MODEL_INPUT_TYPE = InputType.POINTWISE
eval_type = EvaluatorType.RANKING
device = cpu
train_neg_sample_args = {'strategy': 'none'}
eval_neg_sample_args = {'strategy': 'full', 'distribution': 'uniform'}


Wed 30 Sep 2026 15:19:13 INFO  [Training]: train_batch_size = [1024] negative sampling: [None]
Wed 30 Sep 2026 15:19:13 INFO  [Evaluation]: eval_batch_size = [4096] eval_args: [{'split': {'RS': [0.8, 0.1, 0.1]}, 'order': 'TO', 'group_by': None, 'mode': 'full'}]
Wed 30 Sep 2026 15:27:01 INFO  epoch 0 training [time: 465.88s, train loss: 6686.1206]
Wed 30 Sep 2026 15:27:14 INFO  epoch 0 evaluating [time: 13.34s, valid_score: 0.281900]
Wed 30 Sep 2026 15:27:14 INFO  valid result: 
recall@5 : 0.3325    recall@10 : 0.46    recall@20 : 0.6278    ndcg@5 : 0.2409    ndcg@10 : 0.2819    ndcg@20 : 0.3242    mrr@5 : 0.2108    mrr@10 : 0.2276    mrr@20 : 0.2391    hit@5 : 0.3325    hit@10 : 0.46    hit@20 : 0.6278
Wed 30 Sep 2026 15:27:14 INFO  Saving current best: C:\workspace\PROJECTS\next-best-product-recommendation\data\interim\recbole\saved_dynamic_cap\SMLPREC-Sep-30-2026_15-19-13.pth
Wed 30 Sep 2026 15:27:36 INFO  epoch 1 plain vs capped @5: {"valid": {"plain": 0.3325, "capped": 0.2979}, "test": {"plain": 0.335, "capped": 0.302}}
Wed 30 Sep 2026 15:36:22 INFO  epoch 1 training [time: 525.91s, train loss: 6631.3986]
Wed 30 Sep 2026 15:36:29 INFO  epoch 1 evaluating [time: 6.61s, valid_score: 0.283400]
Wed 30 Sep 2026 15:36:29 INFO  valid result: 
recall@5 : 0.3347    recall@10 : 0.4617    recall@20 : 0.6294    ndcg@5 : 0.2426    ndcg@10 : 0.2834    ndcg@20 : 0.3256    mrr@5 : 0.2123    mrr@10 : 0.229    mrr@20 : 0.2405    hit@5 : 0.3347    hit@10 : 0.4617    hit@20 : 0.6294
Wed 30 Sep 2026 15:36:29 INFO  Saving current best: C:\workspace\PROJECTS\next-best-product-recommendation\data\interim\recbole\saved_dynamic_cap\SMLPREC-Sep-30-2026_15-19-13.pth
Wed 30 Sep 2026 15:36:41 INFO  epoch 2 plain vs capped @5: {"valid": {"plain": 0.3347, "capped": 0.3003}, "test": {"plain": 0.3359, "capped": 0.3027}}
Wed 30 Sep 2026 15:39:36 INFO  epoch 2 training [time: 174.81s, train loss: 6626.1111]
Wed 30 Sep 2026 15:39:42 INFO  epoch 2 evaluating [time: 6.46s, valid_score: 0.283800]
Wed 30 Sep 2026 15:39:42 INFO  valid result: 
recall@5 : 0.3352    recall@10 : 0.4623    recall@20 : 0.6309    ndcg@5 : 0.2429    ndcg@10 : 0.2838    ndcg@20 : 0.3263    mrr@5 : 0.2126    mrr@10 : 0.2293    mrr@20 : 0.2409    hit@5 : 0.3352    hit@10 : 0.4623    hit@20 : 0.6309
Wed 30 Sep 2026 15:39:42 INFO  Saving current best: C:\workspace\PROJECTS\next-best-product-recommendation\data\interim\recbole\saved_dynamic_cap\SMLPREC-Sep-30-2026_15-19-13.pth
Wed 30 Sep 2026 15:39:54 INFO  epoch 3 plain vs capped @5: {"valid": {"plain": 0.3352, "capped": 0.3012}, "test": {"plain": 0.3369, "capped": 0.3043}}
